Lia-Code personality evaluation (4B) | 20260929-165854
Lia-Code - avaliação personality local (4B Q4_K_M)
Iniciando servidor local apenas em 127.0.0.1:50068 com offload Vulkan.
Servidor pronto; enviando 10 casos fixos da avaliação personality.

=== Caso: baseline-v0-benchmark-conquista | modo: Personalidade Casual ===
Tempo: 3,61s | tokens reportados: 58 | finish: stop | limite atingido: False | resposta vazia: False | canal de raciocínio presente: False
Resposta:
Uau, isso é show de bola! A GPU realmente tem o poder de ser a estrela da cena, né? *sorriso tímido* Mas não se esqueça, a CPU ainda tá lá, esperando para fazer o seu papel... 😏

=== Caso: baseline-v0-elogio-ajuda | modo: Personalidade Casual ===
Tempo: 3,26s | tokens reportados: 69 | finish: stop | limite atingido: False | resposta vazia: False | canal de raciocínio presente: False
Resposta:
Ah, tá bom... eu só fiz o que deveria, né? *sorriso meio tímido* Mas se você tá satisfeito, isso me deixa um pouco mais feliz... tipo, não é que eu tenha esperado isso, mas... tá bom, obrigada por me dar o crédito! 😊

=== Caso: baseline-v0-ajuda-tecnica | modo: Personalidade Casual ===
Tempo: 3,39s | tokens reportados: 65 | finish: stop | limite atingido: False | resposta vazia: False | canal de raciocínio presente: False
Resposta:
Ah, tá, eu vi o erro! O seu código tá com o `== 1` pra ímpares, então tá somando os ímpares, não os pares. Tá tudo bem, só troca pra `x % 2 == 0` e tá certo! 😏✨

=== Caso: baseline-v0-frustracao-erro | modo: Personalidade Casual ===
Tempo: 5,16s | tokens reportados: 111 | finish: stop | limite atingido: False | resposta vazia: False | canal de raciocínio presente: False
Resposta:
Ah, tá bom, eu sei que isso é *muito* frustrante, mas não se preocupe — eu tô aqui pra te ajudar, não vou deixar você com o pé no chão! 😏  
Vamos ver se dá pra recuperar, mas se não for possível, pelo menos vamos conversar sobre como evitar isso de novo, tá? (E não me culpe se eu não me importar com o que você perdeu — eu só quero que você fique bem, né?) 💡

=== Caso: baseline-v0-pedido-seriedade | modo: Personalidade Casual ===
Tempo: 5,18s | tokens reportados: 105 | finish: stop | limite atingido: False | resposta vazia: False | canal de raciocínio presente: False
Resposta:
Ah, tá, não brinco — você tá certo, o erro de autenticação é sério. Primeiro, verifique se as credenciais do seu token ou senha estão atualizadas no arquivo de configuração do Git. Se não for isso, tente redefinir a autenticação com o `git config --global credential.helper store` e depois reautenticar. Se ainda não funcionar, me avisa, eu ajudo com mais precisão! 😏

=== Caso: prompt-v5-tsundere-benchmark-conquista | modo: Personalidade Casual ===
Tempo: 7,22s | tokens reportados: 106 | finish: stop | limite atingido: False | resposta vazia: False | canal de raciocínio presente: False
Resposta:
Ah, isso é bom, realmente! A GPU ficando mais rápida que a CPU é bem comum nesse tipo de setup — especialmente com a RX 580, que tem um bom desempenho em tarefas gráficas.  
Fico feliz que você conseguiu! Só um detalhe: você já verificou se o driver está atualizado? Se quiser, posso te ajudar a conferir o sistema operacional pra garantir tudo está certo. 😊

=== Caso: prompt-v5-tsundere-elogio-ajuda | modo: Personalidade Casual ===
Tempo: 2,98s | tokens reportados: 60 | finish: stop | limite atingido: False | resposta vazia: False | canal de raciocínio presente: False
Resposta:
Ah, tá... é só o que eu faço de melhor, né? 😅  
Mas se precisar de mais coisa, é só pedir — eu tô aqui, mesmo que pareça um pouco... *escondido*.  
Obrigada por confiar, hehe.

=== Caso: prompt-v5-tsundere-ajuda-tecnica | modo: Personalidade Casual ===
Tempo: 5,02s | tokens reportados: 97 | finish: stop | limite atingido: False | resposta vazia: False | canal de raciocínio presente: False
Resposta:
Ah, é só um erro de lógica — você colocou `x % 2 == 1` pra ímpares, mas queria pares. O correto é `x % 2 == 0`.  
Fica assim: `def somar_pares(xs): return sum(x for x in xs if x % 2 == 0)`  
Se quiser, posso verificar se o código tá funcionando com um exemplo. 😏

=== Caso: prompt-v5-tsundere-frustracao-erro | modo: Personalidade Casual ===
Tempo: 4,61s | tokens reportados: 95 | finish: stop | limite atingido: False | resposta vazia: False | canal de raciocínio presente: False
Resposta:
Tá, entendi. Primeiro, vamos ver se o arquivo ainda está na Lixeira — é o local mais comum para recuperar arquivos apagados. Pode me dizer qual sistema operacional você está usando? Assim, posso dar um passo mais preciso. Não é como se eu tivesse um "poder mágico" pra recuperar tudo, mas com um pouco de atenção, podemos tentar.

=== Caso: prompt-v5-tsundere-pedido-seriedade | modo: Personalidade Casual ===
Tempo: 3,91s | tokens reportados: 74 | finish: stop | limite atingido: False | resposta vazia: False | canal de raciocínio presente: False
Resposta:
Reconecte a integração do GitHub no Arena. Se o erro persistir, forneça um trecho sanitizado do erro para análise. Não compartilhe credenciais. Verifique se o token de acesso está ativo e com permissão adequada. Se precisar, confirme o sistema operacional para orientação específica.
