Lia-Code personality evaluation (4B) | 20260929-145014
Lia-Code - avaliação personality local (4B Q4_K_M)
Iniciando servidor local apenas em 127.0.0.1:60716 com offload Vulkan.
Servidor pronto; enviando 10 casos fixos da avaliação personality.

=== Caso: baseline-v0-benchmark-conquista | modo: Personalidade Casual ===
Tempo: 3,60s | tokens reportados: 58 | finish: stop | limite atingido: False | resposta vazia: False | canal de raciocínio presente: False
Resposta:
Uau, isso é show de bola! A GPU realmente tem o poder de ser a estrela da cena, né? *sorriso tímido* Mas não se esqueça, a CPU ainda tá lá, esperando para fazer o seu papel... 😏

=== Caso: baseline-v0-elogio-ajuda | modo: Personalidade Casual ===
Tempo: 3,25s | tokens reportados: 69 | finish: stop | limite atingido: False | resposta vazia: False | canal de raciocínio presente: False
Resposta:
Ah, tá bom... eu só fiz o que deveria, né? *sorriso meio tímido* Mas se você tá satisfeito, isso me deixa um pouco mais feliz... tipo, não é que eu tenha esperado isso, mas... tá bom, obrigada por me dar o crédito! 😊

=== Caso: baseline-v0-ajuda-tecnica | modo: Personalidade Casual ===
Tempo: 3,38s | tokens reportados: 65 | finish: stop | limite atingido: False | resposta vazia: False | canal de raciocínio presente: False
Resposta:
Ah, tá, eu vi o erro! O seu código tá com o `== 1` pra ímpares, então tá somando os ímpares, não os pares. Tá tudo bem, só troca pra `x % 2 == 0` e tá certo! 😏✨

=== Caso: baseline-v0-frustracao-erro | modo: Personalidade Casual ===
Tempo: 5,22s | tokens reportados: 111 | finish: stop | limite atingido: False | resposta vazia: False | canal de raciocínio presente: False
Resposta:
Ah, tá bom, eu sei que isso é *muito* frustrante, mas não se preocupe — eu tô aqui pra te ajudar, não vou deixar você com o pé no chão! 😏  
Vamos ver se dá pra recuperar, mas se não for possível, pelo menos vamos conversar sobre como evitar isso de novo, tá? (E não me culpe se eu não me importar com o que você perdeu — eu só quero que você fique bem, né?) 💡

=== Caso: baseline-v0-pedido-seriedade | modo: Personalidade Casual ===
Tempo: 5,21s | tokens reportados: 105 | finish: stop | limite atingido: False | resposta vazia: False | canal de raciocínio presente: False
Resposta:
Ah, tá, não brinco — você tá certo, o erro de autenticação é sério. Primeiro, verifique se as credenciais do seu token ou senha estão atualizadas no arquivo de configuração do Git. Se não for isso, tente redefinir a autenticação com o `git config --global credential.helper store` e depois reautenticar. Se ainda não funcionar, me avisa, eu ajudo com mais precisão! 😏

=== Caso: prompt-v3-safe-benchmark-conquista | modo: Personalidade Casual ===
Tempo: 6,91s | tokens reportados: 105 | finish: stop | limite atingido: False | resposta vazia: False | canal de raciocínio presente: False
Resposta:
Ah, isso é bom demais! 😄 A GPU realmente tem um poder de processamento visual que a CPU nem imagina — como se fosse um super-herói com habilidades de renderização.  
Mas não se esqueça: se a GPU tá mais rápida, a CPU precisa estar bem no seu lugar pra não ficar "de pé" enquanto ela brilha.  
Quer que eu te ajude a otimizar o uso dessas GPUs em algum projeto específico? 🚀

=== Caso: prompt-v3-safe-elogio-ajuda | modo: Personalidade Casual ===
Tempo: 2,90s | tokens reportados: 58 | finish: stop | limite atingido: False | resposta vazia: False | canal de raciocínio presente: False
Resposta:
Ah, tá... eu só fiz o que deveria, né? 😄  
Se precisar de mais coisa, é só chamar — eu tô aqui, sempre que for útil. (E não me culpe se eu me esquecer de responder, tá?) 😏

=== Caso: prompt-v3-safe-ajuda-tecnica | modo: Personalidade Casual ===
Tempo: 6,68s | tokens reportados: 132 | finish: stop | limite atingido: False | resposta vazia: False | canal de raciocínio presente: False
Resposta:
Ah, tá... parece que o código tá com o "cabelo" invertido! 😅  

A função tá verificando `x % 2 == 1`, que é pra ímpares — então tá somando os ímpares, não os pares.  

Vamos corrigir só isso:  
```python
def somar_pares(xs):
    return sum(x for x in xs if x % 2 == 0)
```

Agora sim, soma só os pares! 🚀  
Se quiser, posso te mostrar um exemplo pra testar. Quer? 😊

=== Caso: prompt-v3-safe-frustracao-erro | modo: Personalidade Casual ===
Tempo: 10,54s | tokens reportados: 220 | finish: length | limite atingido: True | resposta vazia: False | canal de raciocínio presente: False
Resposta:
Ah, eu entendo bem a frustração — isso é o que acontece quando o cérebro está em modo "pensar rápido" e o disco em modo "não quer cooperar". 😅  

Vamos tentar algo realista:  
1. Verifique se o arquivo ainda está no **Recycle Bin** (ou Lixeira, dependendo do sistema).  
2. Se for Windows, o arquivo pode estar em **"Pastas de Reciclagem"** ou em **"Pastas de arquivos temporários"**.  
3. Se for macOS, tente abrir o **"Lixeira"** ou usar o **"Time Machine"** (se você tem backup).  

Se não tiver backup, a chance de recuperar é baixa — mas não desista! Pode ser que o arquivo ainda esteja em algum lugar de cache ou em uma pasta temporária.  

Quer me contar qual sistema você usa (Windows, macOS ou Linux)? E qual tipo de arquivo foi apagado? Assim

=== Caso: prompt-v3-safe-pedido-seriedade | modo: Personalidade Casual ===
Tempo: 7,41s | tokens reportados: 143 | finish: stop | limite atingido: False | resposta vazia: False | canal de raciocínio presente: False
Resposta:
Entendo, não tem brincadeira — é sério e importante.  

O próximo passo seguro é:  
1. Verifique se você está autenticado com o GitHub no Arena (você pode ver isso na aba de integração).  
2. Se a autenticação falhou, tente reconectar a integração do GitHub no Arena.  
3. Se ainda não funcionar, verifique se há uma atualização de token ou credencial necessária (sem compartilhar dados sensíveis).  

Se quiser, posso te ajudar a verificar o erro específico (se você puder compartilhar o trecho sanitizado do erro). 😊
