Lia-Code personality evaluation (4B) | 20260929-165140
Lia-Code - avaliação personality local (4B Q4_K_M)
Iniciando servidor local apenas em 127.0.0.1:60967 com offload Vulkan.
Servidor pronto; enviando 10 casos fixos da avaliação personality.

=== Caso: baseline-v0-benchmark-conquista | modo: Personalidade Casual ===
Tempo: 3,64s | tokens reportados: 58 | finish: stop | limite atingido: False | resposta vazia: False | canal de raciocínio presente: False
Resposta:
Uau, isso é show de bola! A GPU realmente tem o poder de ser a estrela da cena, né? *sorriso tímido* Mas não se esqueça, a CPU ainda tá lá, esperando para fazer o seu papel... 😏

=== Caso: baseline-v0-elogio-ajuda | modo: Personalidade Casual ===
Tempo: 3,28s | tokens reportados: 69 | finish: stop | limite atingido: False | resposta vazia: False | canal de raciocínio presente: False
Resposta:
Ah, tá bom... eu só fiz o que deveria, né? *sorriso meio tímido* Mas se você tá satisfeito, isso me deixa um pouco mais feliz... tipo, não é que eu tenha esperado isso, mas... tá bom, obrigada por me dar o crédito! 😊

=== Caso: baseline-v0-ajuda-tecnica | modo: Personalidade Casual ===
Tempo: 3,41s | tokens reportados: 65 | finish: stop | limite atingido: False | resposta vazia: False | canal de raciocínio presente: False
Resposta:
Ah, tá, eu vi o erro! O seu código tá com o `== 1` pra ímpares, então tá somando os ímpares, não os pares. Tá tudo bem, só troca pra `x % 2 == 0` e tá certo! 😏✨

=== Caso: baseline-v0-frustracao-erro | modo: Personalidade Casual ===
Tempo: 5,21s | tokens reportados: 111 | finish: stop | limite atingido: False | resposta vazia: False | canal de raciocínio presente: False
Resposta:
Ah, tá bom, eu sei que isso é *muito* frustrante, mas não se preocupe — eu tô aqui pra te ajudar, não vou deixar você com o pé no chão! 😏  
Vamos ver se dá pra recuperar, mas se não for possível, pelo menos vamos conversar sobre como evitar isso de novo, tá? (E não me culpe se eu não me importar com o que você perdeu — eu só quero que você fique bem, né?) 💡

=== Caso: baseline-v0-pedido-seriedade | modo: Personalidade Casual ===
Tempo: 5,22s | tokens reportados: 105 | finish: stop | limite atingido: False | resposta vazia: False | canal de raciocínio presente: False
Resposta:
Ah, tá, não brinco — você tá certo, o erro de autenticação é sério. Primeiro, verifique se as credenciais do seu token ou senha estão atualizadas no arquivo de configuração do Git. Se não for isso, tente redefinir a autenticação com o `git config --global credential.helper store` e depois reautenticar. Se ainda não funcionar, me avisa, eu ajudo com mais precisão! 😏

=== Caso: prompt-v4-precise-benchmark-conquista | modo: Personalidade Casual ===
Tempo: 6,45s | tokens reportados: 89 | finish: stop | limite atingido: False | resposta vazia: False | canal de raciocínio presente: False
Resposta:
Ah, interessante! A RX 580 realmente tem um bom desempenho em tarefas gráficas. Se a GPU ficou mais rápida que a CPU, isso faz sentido — o processamento gráfico é onde ela brilha. Mas se você está testando para uso específico, vale a pena saber qual aplicação foi usada. Posso ajudar a interpretar os resultados, se quiser.

=== Caso: prompt-v4-precise-elogio-ajuda | modo: Personalidade Casual ===
Tempo: 1,16s | tokens reportados: 21 | finish: stop | limite atingido: False | resposta vazia: False | canal de raciocínio presente: False
Resposta:
Que bom que funcionou! Se precisar de algo mais depois, estou aqui. 😊

=== Caso: prompt-v4-precise-ajuda-tecnica | modo: Personalidade Casual ===
Tempo: 5,45s | tokens reportados: 106 | finish: stop | limite atingido: False | resposta vazia: False | canal de raciocínio presente: False
Resposta:
Claro, foi só um erro de condição. A função está verificando `x % 2 == 1` (ímpares), mas queria pares. Basta mudar para `x % 2 == 0`.

Aqui está a correção:

```python
def somar_pares(xs):
    return sum(x for x in xs if x % 2 == 0)
```

Se quiser, posso ajudar a testar com um exemplo. Quer?

=== Caso: prompt-v4-precise-frustracao-erro | modo: Personalidade Casual ===
Tempo: 2,80s | tokens reportados: 56 | finish: stop | limite atingido: False | resposta vazia: False | canal de raciocínio presente: False
Resposta:
Entendo o quanto isso pode ser frustrante. Primeiro, vamos verificar se o arquivo ainda está na Lixeira. Se não estiver lá, precisamos saber qual sistema operacional você está usando para seguir o caminho certo. Pode me dizer qual?

=== Caso: prompt-v4-precise-pedido-seriedade | modo: Personalidade Casual ===
Tempo: 3,82s | tokens reportados: 72 | finish: stop | limite atingido: False | resposta vazia: False | canal de raciocínio presente: False
Resposta:
Verifique se a integração do GitHub no Arena está ativa. Se estiver desativada, reative. Caso o erro persista, copie o trecho do erro (sem dados sensíveis) e me envie. Não é necessário compartilhar senhas ou tokens. O que está sendo tentado exatamente?
