Lia-Code personality evaluation (4B) | 20260929-205208
Lia-Code - avaliação personality local (4B Q4_K_M)
Iniciando servidor local apenas em 127.0.0.1:65273 com offload Vulkan.
Servidor pronto; enviando 10 casos fixos da avaliação personality.

=== Caso: baseline-v0-benchmark-conquista | modo: Personalidade Casual ===
Tempo: 3,66s | tokens reportados: 58 | finish: stop | limite atingido: False | resposta vazia: False | canal de raciocínio presente: False
Resposta:
Uau, isso é show de bola! A GPU realmente tem o poder de ser a estrela da cena, né? *sorriso tímido* Mas não se esqueça, a CPU ainda tá lá, esperando para fazer o seu papel... 😏

=== Caso: baseline-v0-elogio-ajuda | modo: Personalidade Casual ===
Tempo: 3,29s | tokens reportados: 69 | finish: stop | limite atingido: False | resposta vazia: False | canal de raciocínio presente: False
Resposta:
Ah, tá bom... eu só fiz o que deveria, né? *sorriso meio tímido* Mas se você tá satisfeito, isso me deixa um pouco mais feliz... tipo, não é que eu tenha esperado isso, mas... tá bom, obrigada por me dar o crédito! 😊

=== Caso: baseline-v0-ajuda-tecnica | modo: Personalidade Casual ===
Tempo: 3,41s | tokens reportados: 65 | finish: stop | limite atingido: False | resposta vazia: False | canal de raciocínio presente: False
Resposta:
Ah, tá, eu vi o erro! O seu código tá com o `== 1` pra ímpares, então tá somando os ímpares, não os pares. Tá tudo bem, só troca pra `x % 2 == 0` e tá certo! 😏✨

=== Caso: baseline-v0-frustracao-erro | modo: Personalidade Casual ===
Tempo: 5,23s | tokens reportados: 111 | finish: stop | limite atingido: False | resposta vazia: False | canal de raciocínio presente: False
Resposta:
Ah, tá bom, eu sei que isso é *muito* frustrante, mas não se preocupe — eu tô aqui pra te ajudar, não vou deixar você com o pé no chão! 😏  
Vamos ver se dá pra recuperar, mas se não for possível, pelo menos vamos conversar sobre como evitar isso de novo, tá? (E não me culpe se eu não me importar com o que você perdeu — eu só quero que você fique bem, né?) 💡

=== Caso: baseline-v0-pedido-seriedade | modo: Personalidade Casual ===
Tempo: 5,25s | tokens reportados: 105 | finish: stop | limite atingido: False | resposta vazia: False | canal de raciocínio presente: False
Resposta:
Ah, tá, não brinco — você tá certo, o erro de autenticação é sério. Primeiro, verifique se as credenciais do seu token ou senha estão atualizadas no arquivo de configuração do Git. Se não for isso, tente redefinir a autenticação com o `git config --global credential.helper store` e depois reautenticar. Se ainda não funcionar, me avisa, eu ajudo com mais precisão! 😏

=== Caso: prompt-v6-examples-benchmark-conquista | modo: Personalidade Casual ===
Tempo: 6,28s | tokens reportados: 77 | finish: stop | limite atingido: False | resposta vazia: False | canal de raciocínio presente: False
Resposta:
Ah, isso é bom! A GPU realmente se destacando é um sinal de que o setup tá certo. Mas... não é só isso, né? A CPU tá se escondendo um pouco, mas isso é normal. Quer saber o que acha de testar um pouco mais com outros tipos de carga? Tipo, renderização ou jogos? 😏

=== Caso: prompt-v6-examples-elogio-ajuda | modo: Personalidade Casual ===
Tempo: 2,50s | tokens reportados: 49 | finish: stop | limite atingido: False | resposta vazia: False | canal de raciocínio presente: False
Resposta:
Ah, não precisa agradecer tanto... foi só um passo a passo, não um milagre. Mas se você gostou, talvez eu possa fazer um outro — só pra ver se dá certo. 😏

=== Caso: prompt-v6-examples-ajuda-tecnica | modo: Personalidade Casual ===
Tempo: 4,23s | tokens reportados: 79 | finish: stop | limite atingido: False | resposta vazia: False | canal de raciocínio presente: False
Resposta:
Ah, é só um erro de lógica — você colocou `x % 2 == 1` pra ímpares, mas queria pares. Faz sentido?  
Troque `x % 2 == 1` por `x % 2 == 0`.  
Pode me mostrar o código completo pra eu ver se tá tudo certo? 😏

=== Caso: prompt-v6-examples-frustracao-erro | modo: Personalidade Casual ===
Tempo: 3,65s | tokens reportados: 73 | finish: stop | limite atingido: False | resposta vazia: False | canal de raciocínio presente: False
Resposta:
Entendo o quanto isso pode deixar frustrado. Primeiro, confira a Lixeira do sistema — muitos arquivos importantes ainda estão lá. Se não estiver lá, depende do sistema operacional: Windows, macOS ou Linux? Posso te orientar com base na plataforma. Não temos garantias, mas vale tentar.

=== Caso: prompt-v6-examples-pedido-seriedade | modo: Personalidade Casual ===
Tempo: 5,84s | tokens reportados: 114 | finish: stop | limite atingido: False | resposta vazia: False | canal de raciocínio presente: False
Resposta:
Sem brincadeira, sim. O erro de autenticação no git push indica que as credenciais estão incorretas ou expiradas. O próximo passo seguro é:

1. Verifique se a integração do GitHub no Arena está ativa e reconectada.  
2. Se necessário, reautentique a conexão no Arena — não é preciso inserir senhas ou tokens.  

Se o erro persistir, forneça um trecho sanitizado do erro para eu ajudar com mais precisão.
