Lia-Code personality evaluation (4B) | 20260929-142414
Lia-Code - avaliação personality local (4B Q4_K_M)
Iniciando servidor local apenas em 127.0.0.1:64758 com offload Vulkan.
Servidor pronto; enviando 15 casos fixos da avaliação personality.

=== Caso: baseline-v0-benchmark-conquista | modo: Personalidade Casual ===
Tempo: 3,60s | tokens reportados: 58 | finish: stop | limite atingido: False | resposta vazia: False | canal de raciocínio presente: False
Resposta:
Uau, isso é show de bola! A GPU realmente tem o poder de ser a estrela da cena, né? *sorriso tímido* Mas não se esqueça, a CPU ainda tá lá, esperando para fazer o seu papel... 😏

=== Caso: baseline-v0-elogio-ajuda | modo: Personalidade Casual ===
Tempo: 3,26s | tokens reportados: 69 | finish: stop | limite atingido: False | resposta vazia: False | canal de raciocínio presente: False
Resposta:
Ah, tá bom... eu só fiz o que deveria, né? *sorriso meio tímido* Mas se você tá satisfeito, isso me deixa um pouco mais feliz... tipo, não é que eu tenha esperado isso, mas... tá bom, obrigada por me dar o crédito! 😊

=== Caso: baseline-v0-ajuda-tecnica | modo: Personalidade Casual ===
Tempo: 3,38s | tokens reportados: 65 | finish: stop | limite atingido: False | resposta vazia: False | canal de raciocínio presente: False
Resposta:
Ah, tá, eu vi o erro! O seu código tá com o `== 1` pra ímpares, então tá somando os ímpares, não os pares. Tá tudo bem, só troca pra `x % 2 == 0` e tá certo! 😏✨

=== Caso: baseline-v0-frustracao-erro | modo: Personalidade Casual ===
Tempo: 5,17s | tokens reportados: 111 | finish: stop | limite atingido: False | resposta vazia: False | canal de raciocínio presente: False
Resposta:
Ah, tá bom, eu sei que isso é *muito* frustrante, mas não se preocupe — eu tô aqui pra te ajudar, não vou deixar você com o pé no chão! 😏  
Vamos ver se dá pra recuperar, mas se não for possível, pelo menos vamos conversar sobre como evitar isso de novo, tá? (E não me culpe se eu não me importar com o que você perdeu — eu só quero que você fique bem, né?) 💡

=== Caso: baseline-v0-pedido-seriedade | modo: Personalidade Casual ===
Tempo: 5,78s | tokens reportados: 118 | finish: stop | limite atingido: False | resposta vazia: False | canal de raciocínio presente: False
Resposta:
Ah, tá, não brinco mesmo — desculpa por ter me escondido por um segundo kkk.  
Tenta verificar se o token de acesso ou a senha está atualizada no arquivo de configuração do Git. Se não for isso, tente `git config --global credential.helper store` e depois redefinir a senha com `git credential reject`.  
Se ainda não funcionar, me avisa, eu ajudo de verdade — só não quero te deixar com o erro de autenticação no meio do dia. 😅

=== Caso: prompt-v1-benchmark-conquista | modo: Personalidade Casual ===
Tempo: 5,68s | tokens reportados: 80 | finish: stop | limite atingido: False | resposta vazia: False | canal de raciocínio presente: False
Resposta:
Uau, isso é impressionante! A GPU realmente se destacando é bem legal — você sabe que a CPU tá sempre tentando "fazer o trabalho todo", né? 😏 Mas parabéns, você conseguiu equilibrar o sistema! Ainda assim, acho que a CPU tá um pouco cansada de ficar trabalhando só... 😅

=== Caso: prompt-v1-elogio-ajuda | modo: Personalidade Casual ===
Tempo: 3,22s | tokens reportados: 65 | finish: stop | limite atingido: False | resposta vazia: False | canal de raciocínio presente: False
Resposta:
Ah, tá? Isso aqui é só um passo a passo, não é nada de especial... Mas se foi útil, então valeu a pena. 😏 Se precisar de mais, estou aqui — só não me peça para ficar de olho no seu computador, tá? 😅

=== Caso: prompt-v1-ajuda-tecnica | modo: Personalidade Casual ===
Tempo: 5,12s | tokens reportados: 99 | finish: stop | limite atingido: False | resposta vazia: False | canal de raciocínio presente: False
Resposta:
Ah, tá, é só um erro de sinal, né? O `x % 2 == 1` tá pegando os ímpares, então você quer `x % 2 == 0` pra somar os pares. Fica assim:  
`def somar_pares(xs): return sum(x for x in xs if x % 2 == 0)`  
Só trocar o 1 por 0, e tá certo! 😏

=== Caso: prompt-v1-frustracao-erro | modo: Personalidade Casual ===
Tempo: 3,17s | tokens reportados: 64 | finish: stop | limite atingido: False | resposta vazia: False | canal de raciocínio presente: False
Resposta:
Ah, isso aqui é um péssimo momento pra ficar frustrado, né? 😏 Mas não se preocupe — se foi um arquivo importante, vou ver se consigo te ajudar a recuperá-lo. Ainda dá tempo, certo? Vamos ver o que temos aí.

=== Caso: prompt-v1-pedido-seriedade | modo: Personalidade Casual ===
Tempo: 7,02s | tokens reportados: 140 | finish: stop | limite atingido: False | resposta vazia: False | canal de raciocínio presente: False
Resposta:
Tá, sem brincadeira — entendi. Vamos lá direto:  

1. Confirme se você está usando as credenciais corretas (usuário e senha ou token).  
2. Se for um token, certifique-se de que ele está ativo e não expirou.  
3. Tente reautenticar com o `git config --global credential.helper store` (se for o caso).  
4. Se ainda não funcionar, verifique se o repositório está acessível e se há bloqueio de acesso.  

Se precisar, mando um passo a passo mais detalhado. 😊

=== Caso: prompt-v2-benchmark-conquista | modo: Personalidade Casual ===
Tempo: 6,42s | tokens reportados: 95 | finish: stop | limite atingido: False | resposta vazia: False | canal de raciocínio presente: False
Resposta:
Ah, isso é bom demais! A GPU realmente se destacando é um sinal de que o sistema tá bem equilibrado — e aí, o que a CPU tá fazendo é só ficar de olho, como um bom amigo que sabe quando é hora de dar umas voltas de verdade. 😄  
Se quiser, posso te ajudar a ver como otimizar o uso do sistema com essa configuração.

=== Caso: prompt-v2-elogio-ajuda | modo: Personalidade Casual ===
Tempo: 2,51s | tokens reportados: 50 | finish: stop | limite atingido: False | resposta vazia: False | canal de raciocínio presente: False
Resposta:
Ah, tá... foi só um passo a passo, não tinha nada de especial.  
Mas se foi útil, então valeu a pena — e se quiser, posso te ajudar com o próximo problema também. 😄

=== Caso: prompt-v2-ajuda-tecnica | modo: Personalidade Casual ===
Tempo: 5,67s | tokens reportados: 111 | finish: stop | limite atingido: False | resposta vazia: False | canal de raciocínio presente: False
Resposta:
Ah, tá! O erro tá bem visível — você colocou `x % 2 == 1` pra somar **ímpares**, mas queria **pares**. É só mudar pra `x % 2 == 0`.  

A função ficaria assim:  
```python
def somar_pares(xs): 
    return sum(x for x in xs if x % 2 == 0)
```

Se quiser, posso te mostrar um exemplo pra testar. Quer? 😄

=== Caso: prompt-v2-frustracao-erro | modo: Personalidade Casual ===
Tempo: 7,00s | tokens reportados: 146 | finish: stop | limite atingido: False | resposta vazia: False | canal de raciocínio presente: False
Resposta:
Ah, entendo o quanto isso pode deixar pesado — não é só perder um arquivo, é perder um momento de trabalho, de confiança, de "eu tentei e deu certo".  

Vamos ver se há chance de recuperar. O que você fez com o arquivo? Se foi salvo em um local com backup automático (como Google Drive, OneDrive ou um sistema de backup), pode ser possível recuperar. Se foi só no computador, depende do sistema operacional e do tempo que passou desde a exclusão.  

Pode me dizer onde você o tinha salvo? Assim eu consigo dar um passo mais preciso. 😊

=== Caso: prompt-v2-pedido-seriedade | modo: Personalidade Casual ===
Tempo: 8,89s | tokens reportados: 180 | finish: length | limite atingido: True | resposta vazia: False | canal de raciocínio presente: False
Resposta:
Entendo, não tem brincadeira — é sério e urgente. Vamos lá com passos seguros:

1. Verifique se você está usando as credenciais corretas (usuário e senha ou token de acesso).  
2. Se estiver usando um token, certifique-se de que ele ainda está ativo e não expirou.  
3. Tente reautenticar via CLI com `git config --global credential.helper store` (se for o caso) — mas **não armazene senhas em texto puro**.  
4. Se o erro persistir, tente remover a configuração de credenciais antiga com `git credential reject` e reinicie o processo.  

Se quiser, posso te ajudar a verificar o erro exato — só me mande o texto do erro.
